#-----------------------------------------------------------
# Webtalk v2019.1.1 (64-bit)
# SW Build 2580384 on Sat Jun 29 08:12:21 MDT 2019
# IP Build 2579722 on Sat Jun 29 11:35:40 MDT 2019
# Start of session at: Thu Apr  9 11:32:29 2020
# Process ID: 19940
# Current directory: C:/Zynq_Book/VHDL_SV_Verilog/HDL Example 4.24 SEVEN-SEGMENT DISPLAY DECODER/HDL_Example_4_24_SEVEN_SEGMENT_DISPLAY.sim/sim_1/behav/xsim
# Command line: wbtcv.exe -mode batch -source C:/Zynq_Book/VHDL_SV_Verilog/HDL Example 4.24 SEVEN-SEGMENT DISPLAY DECODER/HDL_Example_4_24_SEVEN_SEGMENT_DISPLAY.sim/sim_1/behav/xsim/xsim.dir/sevenseg_top_behav/webtalk/xsim_webtalk.tcl -notrace
# Log file: C:/Zynq_Book/VHDL_SV_Verilog/HDL Example 4.24 SEVEN-SEGMENT DISPLAY DECODER/HDL_Example_4_24_SEVEN_SEGMENT_DISPLAY.sim/sim_1/behav/xsim/webtalk.log
# Journal file: C:/Zynq_Book/VHDL_SV_Verilog/HDL Example 4.24 SEVEN-SEGMENT DISPLAY DECODER/HDL_Example_4_24_SEVEN_SEGMENT_DISPLAY.sim/sim_1/behav/xsim\webtalk.jou
#-----------------------------------------------------------
source C:/Zynq_Book/VHDL_SV_Verilog/HDL -notrace
