#-----------------------------------------------------------
# Vivado v2019.1.1 (64-bit)
# SW Build 2580384 on Sat Jun 29 08:12:21 MDT 2019
# IP Build 2579722 on Sat Jun 29 11:35:40 MDT 2019
# Start of session at: Sun Feb  2 06:50:08 2020
# Process ID: 11484
# Current directory: C:/Zynq_Book/VHDL_SV_Verilog/HDL Example 4.15 STRUCTURAL MODEL OF 2to1 MULTIPLEXER/HDL Example 4.15 STRUCTURAL MODEL OF 2to1 MULTIPLEXER.runs/impl_1
# Command line: vivado.exe -log mux2_top.vdi -applog -product Vivado -messageDb vivado.pb -mode batch -source mux2_top.tcl -notrace
# Log file: C:/Zynq_Book/VHDL_SV_Verilog/HDL Example 4.15 STRUCTURAL MODEL OF 2to1 MULTIPLEXER/HDL Example 4.15 STRUCTURAL MODEL OF 2to1 MULTIPLEXER.runs/impl_1/mux2_top.vdi
# Journal file: C:/Zynq_Book/VHDL_SV_Verilog/HDL Example 4.15 STRUCTURAL MODEL OF 2to1 MULTIPLEXER/HDL Example 4.15 STRUCTURAL MODEL OF 2to1 MULTIPLEXER.runs/impl_1\vivado.jou
#-----------------------------------------------------------
source mux2_top.tcl -notrace
